c:\users\sun20\onedrive\desktop\mygame\sample3d\x64\debug\vc145.pdb
c:\users\sun20\onedrive\desktop\mygame\sample3d\x64\debug\vc145.idb
c:\users\sun20\onedrive\desktop\mygame\sample3d\x64\debug\gamecollision.obj
c:\users\sun20\onedrive\desktop\mygame\sample3d\x64\debug\titltscene.obj
c:\users\sun20\onedrive\desktop\mygame\sample3d\x64\debug\scenemanager.obj
c:\users\sun20\onedrive\desktop\mygame\sample3d\x64\debug\scenebase.obj
c:\users\sun20\onedrive\desktop\mygame\sample3d\x64\debug\resultscene.obj
c:\users\sun20\onedrive\desktop\mygame\sample3d\x64\debug\playscene.obj
c:\users\sun20\onedrive\desktop\mygame\sample3d\x64\debug\shotmanager.obj
c:\users\sun20\onedrive\desktop\mygame\sample3d\x64\debug\shot.obj
c:\users\sun20\onedrive\desktop\mygame\sample3d\x64\debug\meleecharacter.obj
c:\users\sun20\onedrive\desktop\mygame\sample3d\x64\debug\charactermanager.obj
c:\users\sun20\onedrive\desktop\mygame\sample3d\x64\debug\objectbase.obj
c:\users\sun20\onedrive\desktop\mygame\sample3d\x64\debug\sky.obj
c:\users\sun20\onedrive\desktop\mygame\sample3d\x64\debug\field.obj
c:\users\sun20\onedrive\desktop\mygame\sample3d\x64\debug\eenemymanager.obj
c:\users\sun20\onedrive\desktop\mygame\sample3d\x64\debug\enemy.obj
c:\users\sun20\onedrive\desktop\mygame\sample3d\x64\debug\boss.obj
c:\users\sun20\onedrive\desktop\mygame\sample3d\x64\debug\actorbase.obj
c:\users\sun20\onedrive\desktop\mygame\sample3d\x64\debug\maincamera.obj
c:\users\sun20\onedrive\desktop\mygame\sample3d\x64\debug\debugcamera.obj
c:\users\sun20\onedrive\desktop\mygame\sample3d\x64\debug\cameramanager.obj
c:\users\sun20\onedrive\desktop\mygame\sample3d\x64\debug\fps.obj
c:\users\sun20\onedrive\desktop\mygame\sample3d\x64\debug\main.obj
c:\users\sun20\onedrive\desktop\mygame\sample3d\x64\debug\input.obj
c:\users\sun20\onedrive\desktop\mygame\sample3d\x64\debug\fade.obj
c:\users\sun20\onedrive\desktop\mygame\sample3d\x64\debug\effectmanager.obj
c:\users\sun20\onedrive\desktop\mygame\sample3d\x64\debug\effect.obj
c:\users\sun20\onedrive\desktop\mygame\sample3d\x64\debug\collision.obj
c:\users\sun20\onedrive\desktop\mygame\sample3d\x64\debug\status.obj
c:\users\sun20\onedrive\desktop\mygame\sample3d\x64\debug\soundmanager.obj
c:\users\sun20\onedrive\desktop\mygame\x64\debug\sample3d.exe
c:\users\sun20\onedrive\desktop\mygame\x64\debug\sample3d.pdb
c:\users\sun20\onedrive\desktop\mygame\sample3d\x64\debug\sample3d.ilk
c:\users\sun20\onedrive\desktop\mygame\sample3d\x64\debug\sample3d.tlog\cl.command.1.tlog
c:\users\sun20\onedrive\desktop\mygame\sample3d\x64\debug\sample3d.tlog\cl.items.tlog
c:\users\sun20\onedrive\desktop\mygame\sample3d\x64\debug\sample3d.tlog\cl.read.1.tlog
c:\users\sun20\onedrive\desktop\mygame\sample3d\x64\debug\sample3d.tlog\cl.write.1.tlog
c:\users\sun20\onedrive\desktop\mygame\sample3d\x64\debug\sample3d.tlog\link.command.1.tlog
c:\users\sun20\onedrive\desktop\mygame\sample3d\x64\debug\sample3d.tlog\link.read.1.tlog
c:\users\sun20\onedrive\desktop\mygame\sample3d\x64\debug\sample3d.tlog\link.secondary.1.tlog
c:\users\sun20\onedrive\desktop\mygame\sample3d\x64\debug\sample3d.tlog\link.write.1.tlog
