  CameraManager.cpp
  DebugCamera.cpp
C:\Users\sun20\OneDrive\Desktop\MyGame\Src\Game\Camera\CameraManager.h(31,48): warning C4552: '&': 式の結果が使用されていません
  (ソース ファイル 'Src/Game/Camera/CameraManager.cpp' をコンパイルしています)
  
C:\Users\sun20\OneDrive\Desktop\MyGame\Src\Game\Camera\CameraManager.cpp(36,34): warning C4805: '==': 操作中の型 'int' と型 'bool' の混用は安全ではありません
C:\Users\sun20\OneDrive\Desktop\MyGame\Src\Game\Camera\CameraManager.cpp(40,39): warning C4805: '==': 操作中の型 'int' と型 'bool' の混用は安全ではありません
C:\Users\sun20\OneDrive\Desktop\MyGame\Src\Game\Camera\DebugCamera.cpp(73,20): warning C4305: '+=': 'double' から 'float' へ切り詰めます。
C:\Users\sun20\OneDrive\Desktop\MyGame\Src\Game\Camera\DebugCamera.cpp(77,20): warning C4305: '-=': 'double' から 'float' へ切り詰めます。
  MainCamera.cpp
  Actorbase.cpp
  Boss.cpp
C:\Users\sun20\OneDrive\Desktop\MyGame\Src\Game\Object\Enemy\Boss.h(81,47): warning C4244: 'return': 'const int' から 'float' への変換です。データが失われる可能性があります。
  (ソース ファイル 'Src/Game/Object/Enemy/Boss.cpp' をコンパイルしています)
  
C:\Users\sun20\OneDrive\Desktop\MyGame\Src\Game\Object\Field\Field.h(1,1): warning C4819: ファイルは、現在のコード ページ (932) で表示できない文字を含んでいます。データの損失を防ぐために、ファイルを Unicode 形式で保存してください。
  (ソース ファイル 'Src/Game/Object/Enemy/Boss.cpp' をコンパイルしています)
  
C:\Users\sun20\OneDrive\Desktop\MyGame\Src\Game\System\SoundManager.h(1,9): warning C4068: 不明な pragma 'on'
  (ソース ファイル 'Src/Game/Object/Enemy/Boss.cpp' をコンパイルしています)
  
C:\Users\sun20\OneDrive\Desktop\MyGame\Src\Game\Object\Enemy\Boss.cpp(31,32): warning C4305: '初期化中': 'double' から 'float' へ切り詰めます。
C:\Users\sun20\OneDrive\Desktop\MyGame\Src\Game\Object\Enemy\Boss.cpp(508,41): warning C4244: '引数': 'float' から 'int' への変換です。データが失われる可能性があります。
  Enemy.cpp
C:\Users\sun20\OneDrive\Desktop\MyGame\Src\Game\Object\Enemy\Enemy.h(61,47): warning C4244: 'return': 'const int' から 'float' への変換です。データが失われる可能性があります。
  (ソース ファイル 'Src/Game/Object/Enemy/Enemy.cpp' をコンパイルしています)
  
C:\Users\sun20\OneDrive\Desktop\MyGame\Src\Game\System\SoundManager.h(1,9): warning C4068: 不明な pragma 'on'
  (ソース ファイル 'Src/Game/Object/Enemy/Enemy.cpp' をコンパイルしています)
  
C:\Users\sun20\OneDrive\Desktop\MyGame\Src\Game\Object\Enemy\Enemy.cpp(274,41): warning C4244: '引数': 'float' から 'int' への変換です。データが失われる可能性があります。
  EenemyManager.cpp
C:\Users\sun20\OneDrive\Desktop\MyGame\Src\Game\Object\Enemy\Enemy.h(61,47): warning C4244: 'return': 'const int' から 'float' への変換です。データが失われる可能性があります。
  (ソース ファイル 'Src/Game/Object/Enemy/EenemyManager.cpp' をコンパイルしています)
  
  Field.cpp
C:\Users\sun20\OneDrive\Desktop\MyGame\Src\Game\Object\Field\Field.h(1,1): warning C4819: ファイルは、現在のコード ページ (932) で表示できない文字を含んでいます。データの損失を防ぐために、ファイルを Unicode 形式で保存してください。
  (ソース ファイル 'Src/Game/Object/Field/Field.cpp' をコンパイルしています)
  
  Sky.cpp
C:\Users\sun20\OneDrive\Desktop\MyGame\Src\Game\Object\Field\Sky.cpp(15,12): warning C4305: '+=': 'double' から 'float' へ切り詰めます。
  Objectbase.cpp
C:\Users\sun20\OneDrive\Desktop\MyGame\Src\Game\Object\Objectbase\Objectbase.cpp(1,1): warning C4819: ファイルは、現在のコード ページ (932) で表示できない文字を含んでいます。データの損失を防ぐために、ファイルを Unicode 形式で保存してください。
  CharacterManager.cpp
C:\Users\sun20\OneDrive\Desktop\MyGame\Src\Game\Object\Field\Field.h(1,1): warning C4819: ファイルは、現在のコード ページ (932) で表示できない文字を含んでいます。データの損失を防ぐために、ファイルを Unicode 形式で保存してください。
  (ソース ファイル 'Src/Game/Object/Player/CharacterManager.cpp' をコンパイルしています)
  
C:\Users\sun20\OneDrive\Desktop\MyGame\Src\Game\Object\Player\CharacterManager.cpp(418,41): warning C4244: '引数': 'float' から 'int' への変換です。データが失われる可能性があります。
  MeleeCharacter.cpp
  Shot.cpp
C:\Users\sun20\OneDrive\Desktop\MyGame\Src\Game\System\SoundManager.h(1,9): warning C4068: 不明な pragma 'on'
  (ソース ファイル 'Src/Game/Object/Shot/Shot.cpp' をコンパイルしています)
  
  ShotManager.cpp
  PlayScene.cpp
C:\Users\sun20\OneDrive\Desktop\MyGame\Src\Game\Camera\CameraManager.h(31,48): warning C4552: '&': 式の結果が使用されていません
  (ソース ファイル 'Src/Game/Scene/PlayScene.cpp' をコンパイルしています)
  
C:\Users\sun20\OneDrive\Desktop\MyGame\Src\Game\Object\Field\Field.h(1,1): warning C4819: ファイルは、現在のコード ページ (932) で表示できない文字を含んでいます。データの損失を防ぐために、ファイルを Unicode 形式で保存してください。
  (ソース ファイル 'Src/Game/Scene/PlayScene.cpp' をコンパイルしています)
  
C:\Users\sun20\OneDrive\Desktop\MyGame\Src\Game\Object\Enemy\Enemy.h(61,47): warning C4244: 'return': 'const int' から 'float' への変換です。データが失われる可能性があります。
  (ソース ファイル 'Src/Game/Scene/PlayScene.cpp' をコンパイルしています)
  
C:\Users\sun20\OneDrive\Desktop\MyGame\Src\Game\Object\Enemy\Boss.h(81,47): warning C4244: 'return': 'const int' から 'float' への変換です。データが失われる可能性があります。
  (ソース ファイル 'Src/Game/Scene/PlayScene.cpp' をコンパイルしています)
  
C:\Users\sun20\OneDrive\Desktop\MyGame\Src\Game\System\SoundManager.h(1,9): warning C4068: 不明な pragma 'on'
  (ソース ファイル 'Src/Game/Scene/PlayScene.cpp' をコンパイルしています)
  
  resultscene.cpp
  Scenebase.cpp
  SceneManager.cpp
C:\Users\sun20\OneDrive\Desktop\MyGame\Src\Game\Camera\CameraManager.h(31,48): warning C4552: '&': 式の結果が使用されていません
  (ソース ファイル 'Src/Game/Scene/SceneManager.cpp' をコンパイルしています)
  
C:\Users\sun20\OneDrive\Desktop\MyGame\Src\Game\Object\Field\Field.h(1,1): warning C4819: ファイルは、現在のコード ページ (932) で表示できない文字を含んでいます。データの損失を防ぐために、ファイルを Unicode 形式で保存してください。
  (ソース ファイル 'Src/Game/Scene/SceneManager.cpp' をコンパイルしています)
  
C:\Users\sun20\OneDrive\Desktop\MyGame\Src\Game\Object\Enemy\Enemy.h(61,47): warning C4244: 'return': 'const int' から 'float' への変換です。データが失われる可能性があります。
  (ソース ファイル 'Src/Game/Scene/SceneManager.cpp' をコンパイルしています)
  
C:\Users\sun20\OneDrive\Desktop\MyGame\Src\Game\Object\Enemy\Boss.h(81,47): warning C4244: 'return': 'const int' から 'float' への変換です。データが失われる可能性があります。
  (ソース ファイル 'Src/Game/Scene/SceneManager.cpp' をコンパイルしています)
  
C:\Users\sun20\OneDrive\Desktop\MyGame\Src\Game\System\SoundManager.h(1,9): warning C4068: 不明な pragma 'on'
  (ソース ファイル 'Src/Game/Scene/SceneManager.cpp' をコンパイルしています)
  
  Titltscene.cpp
  GameCollision.cpp
C:\Users\sun20\OneDrive\Desktop\MyGame\Src\Game\Object\Enemy\Enemy.h(61,47): warning C4244: 'return': 'const int' から 'float' への変換です。データが失われる可能性があります。
  (ソース ファイル 'Src/Game/System/GameCollision.cpp' をコンパイルしています)
  
C:\Users\sun20\OneDrive\Desktop\MyGame\Src\Game\Object\Enemy\Boss.h(81,47): warning C4244: 'return': 'const int' から 'float' への変換です。データが失われる可能性があります。
  (ソース ファイル 'Src/Game/System/GameCollision.cpp' をコンパイルしています)
  
  コードを生成中...
  コンパイル中...
  SoundManager.cpp
C:\Users\sun20\OneDrive\Desktop\MyGame\Src\Game\System\SoundManager.h(1,9): warning C4068: 不明な pragma 'on'
  (ソース ファイル 'Src/Game/System/SoundManager.cpp' をコンパイルしています)
  
  Status.cpp
  Collision.cpp
  Effect.cpp
  EffectManager.cpp
  Fade.cpp
  Input.cpp
  Main.cpp
C:\Users\sun20\OneDrive\Desktop\MyGame\Src\Game\Camera\CameraManager.h(31,48): warning C4552: '&': 式の結果が使用されていません
  (ソース ファイル 'src/Main.cpp' をコンパイルしています)
  
C:\Users\sun20\OneDrive\Desktop\MyGame\Src\Game\Object\Field\Field.h(1,1): warning C4819: ファイルは、現在のコード ページ (932) で表示できない文字を含んでいます。データの損失を防ぐために、ファイルを Unicode 形式で保存してください。
  (ソース ファイル 'src/Main.cpp' をコンパイルしています)
  
C:\Users\sun20\OneDrive\Desktop\MyGame\Src\Game\Object\Enemy\Enemy.h(61,47): warning C4244: 'return': 'const int' から 'float' への変換です。データが失われる可能性があります。
  (ソース ファイル 'src/Main.cpp' をコンパイルしています)
  
C:\Users\sun20\OneDrive\Desktop\MyGame\Src\Game\Object\Enemy\Boss.h(81,47): warning C4244: 'return': 'const int' から 'float' への変換です。データが失われる可能性があります。
  (ソース ファイル 'src/Main.cpp' をコンパイルしています)
  
C:\Users\sun20\OneDrive\Desktop\MyGame\Src\Game\System\SoundManager.h(1,9): warning C4068: 不明な pragma 'on'
  (ソース ファイル 'src/Main.cpp' をコンパイルしています)
  
  Fps.cpp
  コードを生成中...
  Sample3D.vcxproj -> C:\Users\sun20\OneDrive\Desktop\MyGame\x64\Debug\Sample3D.exe
